Archive member included because of file (symbol)

../../..//mcu/libfitkit/build\libfitkit_f1xx.a(fitkitlib_f1xx.o)
                              build/mcu/main_f1xx.o (initialize_hardware)
../../..//mcu/libfitkit/build\libfitkit_f1xx.a(flash_f1xx.o)
                              ../../..//mcu/libfitkit/build\libfitkit_f1xx.a(fitkitlib_f1xx.o) (flash_init)
../../..//mcu/libfitkit/build\libfitkit_f1xx.a(flash_fpga_f1xx.o)
                              ../../..//mcu/libfitkit/build\libfitkit_f1xx.a(fitkitlib_f1xx.o) (FPGAConfig_init)
../../..//mcu/libfitkit/build\libfitkit_f1xx.a(fpga_f1xx.o)
                              ../../..//mcu/libfitkit/build\libfitkit_f1xx.a(fitkitlib_f1xx.o) (FPGA_init)
../../..//mcu/libfitkit/build\libfitkit_f1xx.a(globfun_f1xx.o)
                              ../../..//mcu/libfitkit/build\libfitkit_f1xx.a(flash_f1xx.o) (long2str)
../../..//mcu/libfitkit/build\libfitkit_f1xx.a(spi_f1xx.o)
                              ../../..//mcu/libfitkit/build\libfitkit_f1xx.a(fitkitlib_f1xx.o) (SPI_Init)
../../..//mcu/libfitkit/build\libfitkit_f1xx.a(terminal_f1xx.o)
                              ../../..//mcu/libfitkit/build\libfitkit_f1xx.a(fitkitlib_f1xx.o) (terminal_init)
../../..//mcu/libfitkit/build\libfitkit_f1xx.a(timer_b_f1xx.o)
                              ../../..//mcu/libfitkit/build\libfitkit_f1xx.a(fitkitlib_f1xx.o) (timerb_init)
../../..//mcu/libfitkit/build\libfitkit_f1xx.a(uart_f1xx.o)
                              ../../..//mcu/libfitkit/build\libfitkit_f1xx.a(terminal_f1xx.o) (serial_init)
../../..//mcu/libfitkit/build\libfitkit_f1xx.a(filetransfer_f1xx.o)
                              ../../..//mcu/libfitkit/build\libfitkit_f1xx.a(fitkitlib_f1xx.o) (SPI_WriteFile)
../../..//mcu/libfitkit/build\libfitkit_f1xx.a(cmd_f1xx.o)
                              ../../..//mcu/libfitkit/build\libfitkit_f1xx.a(terminal_f1xx.o) (term_cmd_clear)
c:\mspgcc\bin\..\lib\gcc-lib\msp430\3.2.3\libgcc.a(__stop_progExec__.o)
                              build/mcu/main_f1xx.o (__stop_progExec__)
c:\mspgcc\bin\..\lib\gcc-lib\msp430\3.2.3\libgcc.a(_mulsi3hw.o)
                              ../../..//mcu/libfitkit/build\libfitkit_f1xx.a(flash_f1xx.o) (__umulsi3hw)
c:\mspgcc\bin\..\lib\gcc-lib\msp430\3.2.3\libgcc.a(_divmodqi4.o)
                              build/mcu/main_f1xx.o (__divmodqi4)
c:\mspgcc\bin\..\lib\gcc-lib\msp430\3.2.3\libgcc.a(_divmodhi4.o)
                              build/mcu/main_f1xx.o (__divmodhi4)
c:\mspgcc\bin\..\lib\gcc-lib\msp430\3.2.3\libgcc.a(_udivmodsi4.o)
                              ../../..//mcu/libfitkit/build\libfitkit_f1xx.a(flash_f1xx.o) (__udivmodsi4)
c:\mspgcc\bin\..\lib\gcc-lib\msp430\3.2.3\libgcc.a(_divmodsi4.o)
                              ../../..//mcu/libfitkit/build\libfitkit_f1xx.a(flash_f1xx.o) (__divmodsi4)
c:\mspgcc\bin\..\lib\gcc-lib\msp430\3.2.3\libgcc.a(_reset_vector__.o)
                              c:\mspgcc\bin\..\lib\gcc-lib\msp430\3.2.3\..\..\..\..\msp430\lib\crt430x168.o (_reset_vector__)
c:\mspgcc\bin\..\lib\gcc-lib\msp430\3.2.3\libgcc.a(__low_level_init.o)
                              c:\mspgcc\bin\..\lib\gcc-lib\msp430\3.2.3\libgcc.a(_reset_vector__.o) (__low_level_init)
c:\mspgcc\bin\..\lib\gcc-lib\msp430\3.2.3\libgcc.a(_copy_data.o)
                              c:\mspgcc\bin\..\lib\gcc-lib\msp430\3.2.3\libgcc.a(_reset_vector__.o) (__do_copy_data)
c:\mspgcc\bin\..\lib\gcc-lib\msp430\3.2.3\libgcc.a(_clear_bss.o)
                              c:\mspgcc\bin\..\lib\gcc-lib\msp430\3.2.3\libgcc.a(_reset_vector__.o) (__do_clear_bss)
c:\mspgcc\bin\..\lib\gcc-lib\msp430\3.2.3\libgcc.a(__jump_to_main.o)
                              c:\mspgcc\bin\..\lib\gcc-lib\msp430\3.2.3\libgcc.a(_reset_vector__.o) (__jump_to_main)
c:\mspgcc\bin\..\lib\gcc-lib\msp430\3.2.3\libgcc.a(_udivmodqi4.o)
                              c:\mspgcc\bin\..\lib\gcc-lib\msp430\3.2.3\libgcc.a(_divmodqi4.o) (__udivmodqi4)
c:\mspgcc\bin\..\lib\gcc-lib\msp430\3.2.3\libgcc.a(_udivmodhi4.o)
                              c:\mspgcc\bin\..\lib\gcc-lib\msp430\3.2.3\libgcc.a(_divmodhi4.o) (__udivmodhi4)
c:\mspgcc\bin\..\lib\gcc-lib\msp430\3.2.3\..\..\..\..\msp430\lib\libc.a(strcpy.o)
                              build/mcu/main_f1xx.o (strcpy)
c:\mspgcc\bin\..\lib\gcc-lib\msp430\3.2.3\..\..\..\..\msp430\lib\libc.a(isdigit.o)
                              ../../..//mcu/libfitkit/build\libfitkit_f1xx.a(globfun_f1xx.o) (isdigit)
c:\mspgcc\bin\..\lib\gcc-lib\msp430\3.2.3\..\..\..\..\msp430\lib\libc.a(strlen.o)
                              build/mcu/display_f1xx.o (strlen)

Allocating common symbols
Common symbol       size              file

BreakFlag           0x1               ../../..//mcu/libfitkit/build\libfitkit_f1xx.a(uart_f1xx.o)
TransmitNum         0x1               ../../..//mcu/libfitkit/build\libfitkit_f1xx.a(uart_f1xx.o)
index_buf           0x1               build/mcu/keyboard_f1xx.o
Cmd_Old             0x1               ../../..//mcu/libfitkit/build\libfitkit_f1xx.a(terminal_f1xx.o)
cb_fun              0x2               ../../..//mcu/libfitkit/build\libfitkit_f1xx.a(filetransfer_f1xx.o)
lcd_shift_addr      0x2               build/mcu/display_f1xx.o
ReceiveNum          0x2               ../../..//mcu/libfitkit/build\libfitkit_f1xx.a(uart_f1xx.o)
lcd_cursor_addr     0x2               build/mcu/display_f1xx.o
output_storage      0x100             build/mcu/main_f1xx.o
cb_buf              0x2               ../../..//mcu/libfitkit/build\libfitkit_f1xx.a(filetransfer_f1xx.o)
output_visible      0x20              build/mcu/main_f1xx.o
CMD_Long            0x4               ../../..//mcu/libfitkit/build\libfitkit_f1xx.a(cmd_f1xx.o)
keyboard_buffer     0x14              build/mcu/keyboard_f1xx.o
CountPage           0x2               ../../..//mcu/libfitkit/build\libfitkit_f1xx.a(flash_f1xx.o)
ReceiveBuf          0x7f              ../../..//mcu/libfitkit/build\libfitkit_f1xx.a(uart_f1xx.o)
ReceiveIndexRec     0x2               ../../..//mcu/libfitkit/build\libfitkit_f1xx.a(uart_f1xx.o)
TransmitBuf         0x64              ../../..//mcu/libfitkit/build\libfitkit_f1xx.a(uart_f1xx.o)
ErrorFlag           0x1               ../../..//mcu/libfitkit/build\libfitkit_f1xx.a(uart_f1xx.o)
ReceiveIndex        0x2               ../../..//mcu/libfitkit/build\libfitkit_f1xx.a(uart_f1xx.o)
current_pressed     0x1               build/mcu/main_f1xx.o
char_counter        0x1               build/mcu/main_f1xx.o
TransmitIndexSend   0x1               ../../..//mcu/libfitkit/build\libfitkit_f1xx.a(uart_f1xx.o)
TypeBufferFlash     0x1               ../../..//mcu/libfitkit/build\libfitkit_f1xx.a(flash_f1xx.o)
TransmitIndex       0x1               ../../..//mcu/libfitkit/build\libfitkit_f1xx.a(uart_f1xx.o)
PomRS232            0x1               ../../..//mcu/libfitkit/build\libfitkit_f1xx.a(uart_f1xx.o)
AdrBufferFlash      0x2               ../../..//mcu/libfitkit/build\libfitkit_f1xx.a(flash_f1xx.o)
previous_pressed    0x1               build/mcu/main_f1xx.o
CMDStr              0x19              ../../..//mcu/libfitkit/build\libfitkit_f1xx.a(cmd_f1xx.o)
Cmd                 0x1               ../../..//mcu/libfitkit/build\libfitkit_f1xx.a(terminal_f1xx.o)
write_index_buf     0x1               build/mcu/keyboard_f1xx.o
chars_in_buf        0x1               build/mcu/keyboard_f1xx.o
CMDStrLen           0x1               ../../..//mcu/libfitkit/build\libfitkit_f1xx.a(cmd_f1xx.o)

Memory Configuration

Name             Origin             Length             Attributes
text             0x00004000         0x0000bfe0         xr
data             0x00000200         0x00000800         xrw
vectors          0x0000ffe0         0x00000020         rw
bootloader       0x00000c00         0x00000400         xr
infomem          0x00001000         0x00000100         xr
infomemnobits    0x00001000         0x00000100         xr
*default*        0x00000000         0xffffffff

Linker script and memory map

LOAD c:\mspgcc\bin\..\lib\gcc-lib\msp430\3.2.3\..\..\..\..\msp430\lib\crt430x168.o
LOAD build/mcu/keyboard_f1xx.o
LOAD build/mcu/display_f1xx.o
LOAD build/mcu/main_f1xx.o
LOAD ../../..//mcu/libfitkit/build\libfitkit_f1xx.a
LOAD c:\mspgcc\bin\..\lib\gcc-lib\msp430\3.2.3\libgcc.a
LOAD c:\mspgcc\bin\..\lib\gcc-lib\msp430\3.2.3\..\..\..\..\msp430\lib\libc.a
LOAD c:\mspgcc\bin\..\lib\gcc-lib\msp430\3.2.3\libgcc.a

.hash
 *(.hash)

.dynsym
 *(.dynsym)

.dynstr
 *(.dynstr)

.gnu.version
 *(.gnu.version)

.gnu.version_d
 *(.gnu.version_d)

.gnu.version_r
 *(.gnu.version_r)

.rel.init
 *(.rel.init)

.rela.init
 *(.rela.init)

.rel.text
 *(.rel.text)
 *(.rel.text.*)
 *(.rel.gnu.linkonce.t*)

.rela.text
 *(.rela.text)
 *(.rela.text.*)
 *(.rela.gnu.linkonce.t*)

.rel.fini
 *(.rel.fini)

.rela.fini
 *(.rela.fini)

.rel.rodata
 *(.rel.rodata)
 *(.rel.rodata.*)
 *(.rel.gnu.linkonce.r*)

.rela.rodata
 *(.rela.rodata)
 *(.rela.rodata.*)
 *(.rela.gnu.linkonce.r*)

.rel.data
 *(.rel.data)
 *(.rel.data.*)
 *(.rel.gnu.linkonce.d*)

.rela.data
 *(.rela.data)
 *(.rela.data.*)
 *(.rela.gnu.linkonce.d*)

.rel.ctors
 *(.rel.ctors)

.rela.ctors
 *(.rela.ctors)

.rel.dtors
 *(.rel.dtors)

.rela.dtors
 *(.rela.dtors)

.rel.got
 *(.rel.got)

.rela.got
 *(.rela.got)

.rel.bss
 *(.rel.bss)

.rela.bss
 *(.rela.bss)

.rel.plt
 *(.rel.plt)

.rela.plt
 *(.rela.plt)

.text           0x00004000     0x5650
                0x00004000                . = ALIGN (0x2)
 *(.init)
 *(.init)
 *(.init0)
 .init0         0x00004000        0x0 c:\mspgcc\bin\..\lib\gcc-lib\msp430\3.2.3\libgcc.a(_reset_vector__.o)
                0x00004000                _reset_vector__
 *(.init0)
 *(.init1)
 *(.init1)
 *(.init2)
 *(.init2)
 *(.init3)
 .init3         0x00004000        0x6 c:\mspgcc\bin\..\lib\gcc-lib\msp430\3.2.3\libgcc.a(__low_level_init.o)
                0x00004000                __low_level_init
 *(.init3)
 *(.init4)
 .init4         0x00004006       0x12 c:\mspgcc\bin\..\lib\gcc-lib\msp430\3.2.3\libgcc.a(_copy_data.o)
                0x00004006                __do_copy_data
 .init4         0x00004018       0x10 c:\mspgcc\bin\..\lib\gcc-lib\msp430\3.2.3\libgcc.a(_clear_bss.o)
                0x00004018                __do_clear_bss
 *(.init4)
 *(.init5)
 *(.init5)
 *(.init6)
 *(.init6)
 *(.init7)
 *(.init7)
 *(.init8)
 *(.init8)
 *(.init9)
 .init9         0x00004028        0x4 c:\mspgcc\bin\..\lib\gcc-lib\msp430\3.2.3\libgcc.a(__jump_to_main.o)
                0x00004028                __jump_to_main
 *(.init9)
                0x0000402c                __ctors_start = .
 *(.ctors)
 *(.ctors)
                0x0000402c                __ctors_end = .
                0x0000402c                __dtors_start = .
 *(.dtors)
 *(.dtors)
                0x0000402c                __dtors_end = .
                0x0000402c                . = ALIGN (0x2)
 *(.text)
 .text          0x0000402c        0x6 c:\mspgcc\bin\..\lib\gcc-lib\msp430\3.2.3\..\..\..\..\msp430\lib\crt430x168.o
                0x0000402c                _unexpected_1_
                0x0000402c                vector_ffe0
                0x0000402c                vector_ffec
                0x0000402c                vector_fffc
                0x0000402c                vector_ffe4
                0x0000402c                vector_ffe2
                0x0000402c                vector_ffe8
                0x00004030                _unexpected_
                0x0000402c                vector_fffa
                0x0000402c                vector_ffee
                0x0000402c                vector_fff4
                0x0000402c                vector_fff8
                0x0000402c                vector_ffe6
                0x0000402c                vector_fff6
                0x0000402c                vector_ffea
 .text          0x00004032      0x1aa build/mcu/keyboard_f1xx.o
                0x00004074                keyboard_handle_interrupt
                0x000040c2                key_decode
                0x00004032                keyboard_get_char
 .text          0x000041dc      0x280 build/mcu/display_f1xx.o
                0x00004238                LCD_clear
                0x0000442c                LCD_rotate
                0x0000426a                LCD_init
                0x000043a6                LCD_write_string
                0x000042b4                LCD_load_char
                0x00004296                LCD_char2dis
                0x00004324                LCD_append_char
                0x000043ca                LCD_append_string
                0x000041dc                LCD_send_cmd
 .text          0x0000445c      0xb4a build/mcu/main_f1xx.o
                0x000048f2                slide_right
                0x000044dc                clear_strings
                0x00004df8                read_input
                0x00004778                rotate_downwards
                0x000044a8                decode_user_cmd
                0x0000445c                get_current
                0x0000449e                print_user_help
                0x00004f7a                main
                0x00004aa0                determine_effect
                0x00004552                delay
                0x00004ca6                determine_parameters
                0x00004610                rotate_upwards
                0x00004af0                display_new
                0x000049b6                skip_right
                0x000044ca                fpga_initialized
                0x00004b8a                determine_output
 .text          0x00004fa6      0x406 ../../..//mcu/libfitkit/build\libfitkit_f1xx.a(fitkitlib_f1xx.o)
                0x00004fd2                clock_system_init
                0x00004fa6                delay_cycle
                0x00005014                smclk_stop
                0x00005098                fpga_configure_from_flash
                0x0000528c                initialize_hardware_
                0x0000539c                initialize_hardware
                0x00005196                fpga_configure_from_mcu
 .text          0x000053ac     0x1448 ../../..//mcu/libfitkit/build\libfitkit_f1xx.a(flash_f1xx.o)
                0x00006482                FLASH_Dump_Page
                0x0000636e                FLASH_EraseAll
                0x00005d02                FLASH_ReadDataBuffer
                0x000062c2                FLASH_ErasePage
                0x000057a6                FLASH_print_status
                0x00006426                FLASH_Dump_Block
                0x00006532                FLASH_Dump_Adr
                0x000054a4                flash_init
                0x00006318                FLASH_EraseBlock
                0x00005ef0                FLASH_ReadDataA
                0x00005c72                FLASH_WriteDataBuffer
                0x000055a0                FLASH_availablepages
                0x00005e86                FLASH_isPageBlank
                0x00005680                FLASH_IsReady
                0x0000560e                FLASH_blocks
                0x000053ac                FLASH_PageToAddr
                0x00005ba6                FLASH_WriteToBuffer
                0x000061f4                FLASH_WriteByte
                0x00005e18                FLASH_ReadData_Finalize
                0x00005fea                FLASH_ReadMemoryBuffer
                0x00005628                FLASH_size
                0x000063d6                FLASH_Dump_All
                0x000053de                flash_init_
                0x00005f74                FLASH_WriteBufferMemory
                0x00005d9e                FLASH_ReadData_Initialize
                0x00005e26                FLASH_ReadData
                0x00006298                FLASH_EraseByte
                0x0000564e                FLASH_ReadStatus
                0x0000606e                FLASH_ProgFPGA
 .text          0x000067f4      0x418 ../../..//mcu/libfitkit/build\libfitkit_f1xx.a(flash_fpga_f1xx.o)
                0x000067f4                delay_cycle_
                0x000069a0                FPGAConfig_finalize
                0x000069f2                FPGAConfig_detect_fpga
                0x000068ba                FPGAConfig_initialize
                0x00006820                FPGAConfig_init
 .text          0x00006c0c      0x290 ../../..//mcu/libfitkit/build\libfitkit_f1xx.a(fpga_f1xx.o)
                0x00006c42                FPGA_SPI_RW_A8_D8
                0x00006c92                FPGA_SPI_RW_A8_D16
                0x00006da6                FPGA_SPI_RW_AN_DN
                0x00006d08                FPGA_SPI_RW_A8_DN
                0x00006c0c                FPGA_init
                0x00006c1e                FPGA_reset
 .text          0x00006e9c      0x706 ../../..//mcu/libfitkit/build\libfitkit_f1xx.a(globfun_f1xx.o)
                0x00006e9c                chr2bin
                0x00006fae                chr2digit
                0x00006f56                chr2hex
                0x00007350                strrev
                0x000070e0                str2long
                0x000071b0                str2long_2x
                0x0000702a                hex2chr
                0x00006f0a                digit2chr
                0x000073bc                strupper
                0x00007452                long2str
                0x0000707e                rchr
 .text          0x000075a2       0xbe ../../..//mcu/libfitkit/build\libfitkit_f1xx.a(spi_f1xx.o)
                0x000075e4                SPI_Close
                0x00007604                SPI_read_wait_write
                0x00007634                SPI_write_wait_read
                0x000075a2                SPI_Init
 .text          0x00007660      0x926 ../../..//mcu/libfitkit/build\libfitkit_f1xx.a(terminal_f1xx.o)
                0x00007684                terminal_init
                0x00007990                terminal_idle_cb
                0x00007f76                terminal_idle
 .text          0x00007f86       0xdc ../../..//mcu/libfitkit/build\libfitkit_f1xx.a(timer_b_f1xx.o)
                0x00007f86                timerb_init
                0x00007f9c                delay_ms
 .text          0x00008062      0x3fc ../../..//mcu/libfitkit/build\libfitkit_f1xx.a(uart_f1xx.o)
                0x000081b0                term_send_str
                0x000083b4                TxintrRS232
                0x000081ee                term_send_num
                0x00008230                term_send_hex
                0x000083f6                RxintrRS232
                0x000083b4                vector_fff0
                0x000082b4                term_rcv_block
                0x00008150                term_send_char_idle
                0x000080d0                serial_close
                0x00008352                term_rcv_char_t
                0x000083f6                vector_fff2
                0x00008062                serial_init
                0x00008178                term_send_char_hex
                0x00008272                term_rcv_char
                0x0000810a                term_send_char
 .text          0x0000845e      0x878 ../../..//mcu/libfitkit/build\libfitkit_f1xx.a(filetransfer_f1xx.o)
                0x00008520                send_header
                0x00008a30                SPI_WriteFile
                0x0000896e                sendPageSPI
                0x00008c02                ReceiveFile
                0x0000868e                writePageToFlash
                0x00008acc                FLASH_WriteFile
                0x0000845e                serial_rx_timeout
                0x00008b2a                cbPage
                0x00008834                transmittFile
                0x000084ba                serial_tx_buf
 .text          0x00008cd6      0x7f2 ../../..//mcu/libfitkit/build\libfitkit_f1xx.a(cmd_f1xx.o)
                0x00008db0                term_cmd_decode
                0x00008ce4                term_cmd_read
                0x00008cd6                term_cmd_clear
 .text          0x000094c8        0x0 c:\mspgcc\bin\..\lib\gcc-lib\msp430\3.2.3\libgcc.a(__stop_progExec__.o)
 .text          0x000094c8        0x0 c:\mspgcc\bin\..\lib\gcc-lib\msp430\3.2.3\libgcc.a(_mulsi3hw.o)
 .text          0x000094c8        0x0 c:\mspgcc\bin\..\lib\gcc-lib\msp430\3.2.3\libgcc.a(_divmodqi4.o)
 .text          0x000094c8        0x0 c:\mspgcc\bin\..\lib\gcc-lib\msp430\3.2.3\libgcc.a(_divmodhi4.o)
 .text          0x000094c8        0x0 c:\mspgcc\bin\..\lib\gcc-lib\msp430\3.2.3\libgcc.a(_udivmodsi4.o)
 .text          0x000094c8        0x0 c:\mspgcc\bin\..\lib\gcc-lib\msp430\3.2.3\libgcc.a(_divmodsi4.o)
 .text          0x000094c8        0x0 c:\mspgcc\bin\..\lib\gcc-lib\msp430\3.2.3\libgcc.a(_reset_vector__.o)
 .text          0x000094c8        0x0 c:\mspgcc\bin\..\lib\gcc-lib\msp430\3.2.3\libgcc.a(__low_level_init.o)
 .text          0x000094c8        0x0 c:\mspgcc\bin\..\lib\gcc-lib\msp430\3.2.3\libgcc.a(_copy_data.o)
 .text          0x000094c8        0x0 c:\mspgcc\bin\..\lib\gcc-lib\msp430\3.2.3\libgcc.a(_clear_bss.o)
 .text          0x000094c8        0x0 c:\mspgcc\bin\..\lib\gcc-lib\msp430\3.2.3\libgcc.a(__jump_to_main.o)
 .text          0x000094c8        0x0 c:\mspgcc\bin\..\lib\gcc-lib\msp430\3.2.3\libgcc.a(_udivmodqi4.o)
 .text          0x000094c8        0x0 c:\mspgcc\bin\..\lib\gcc-lib\msp430\3.2.3\libgcc.a(_udivmodhi4.o)
 .text          0x000094c8       0x20 c:\mspgcc\bin\..\lib\gcc-lib\msp430\3.2.3\..\..\..\..\msp430\lib\libc.a(strcpy.o)
                0x000094c8                strcpy
 .text          0x000094e8       0x12 c:\mspgcc\bin\..\lib\gcc-lib\msp430\3.2.3\..\..\..\..\msp430\lib\libc.a(isdigit.o)
                0x000094e8                isdigit
 .text          0x000094fa       0x14 c:\mspgcc\bin\..\lib\gcc-lib\msp430\3.2.3\..\..\..\..\msp430\lib\libc.a(strlen.o)
                0x000094fa                strlen
                0x0000950e                . = ALIGN (0x2)
 *(.text.*)
 .text.libgcc   0x0000950e        0x0 c:\mspgcc\bin\..\lib\gcc-lib\msp430\3.2.3\libgcc.a(__stop_progExec__.o)
 .text.libgcc   0x0000950e       0x28 c:\mspgcc\bin\..\lib\gcc-lib\msp430\3.2.3\libgcc.a(_mulsi3hw.o)
                0x0000950e                __umulsi3hw
 .text.libgcc   0x00009536       0x36 c:\mspgcc\bin\..\lib\gcc-lib\msp430\3.2.3\libgcc.a(_divmodqi4.o)
                0x00009536                __divmodqi4
 .text.libgcc   0x0000956c       0x36 c:\mspgcc\bin\..\lib\gcc-lib\msp430\3.2.3\libgcc.a(_divmodhi4.o)
                0x0000956c                __divmodhi4
 .text.libgcc   0x000095a2       0x2a c:\mspgcc\bin\..\lib\gcc-lib\msp430\3.2.3\libgcc.a(_udivmodsi4.o)
                0x000095a2                __udivmodsi4
 .text.libgcc   0x000095cc       0x4a c:\mspgcc\bin\..\lib\gcc-lib\msp430\3.2.3\libgcc.a(_divmodsi4.o)
                0x000095cc                __divmodsi4
 .text.libgcc   0x00009616        0x0 c:\mspgcc\bin\..\lib\gcc-lib\msp430\3.2.3\libgcc.a(_reset_vector__.o)
 .text.libgcc   0x00009616        0x0 c:\mspgcc\bin\..\lib\gcc-lib\msp430\3.2.3\libgcc.a(__low_level_init.o)
 .text.libgcc   0x00009616        0x0 c:\mspgcc\bin\..\lib\gcc-lib\msp430\3.2.3\libgcc.a(_copy_data.o)
 .text.libgcc   0x00009616        0x0 c:\mspgcc\bin\..\lib\gcc-lib\msp430\3.2.3\libgcc.a(_clear_bss.o)
 .text.libgcc   0x00009616        0x0 c:\mspgcc\bin\..\lib\gcc-lib\msp430\3.2.3\libgcc.a(__jump_to_main.o)
 .text.libgcc   0x00009616       0x1c c:\mspgcc\bin\..\lib\gcc-lib\msp430\3.2.3\libgcc.a(_udivmodqi4.o)
                0x00009616                __udivmodqi4
 .text.libgcc   0x00009632       0x1c c:\mspgcc\bin\..\lib\gcc-lib\msp430\3.2.3\libgcc.a(_udivmodhi4.o)
                0x00009632                __udivmodhi4
                0x0000964e                . = ALIGN (0x2)
 *(.fini9)
 .fini9         0x0000964e        0x0 c:\mspgcc\bin\..\lib\gcc-lib\msp430\3.2.3\libgcc.a(__stop_progExec__.o)
                0x0000964e                __stop_progExec__
 *(.fini9)
 *(.fini8)
 *(.fini8)
 *(.fini7)
 *(.fini7)
 *(.fini6)
 *(.fini6)
 *(.fini5)
 *(.fini5)
 *(.fini4)
 *(.fini4)
 *(.fini3)
 *(.fini3)
 *(.fini2)
 *(.fini2)
 *(.fini1)
 *(.fini1)
 *(.fini0)
 .fini0         0x0000964e        0x2 c:\mspgcc\bin\..\lib\gcc-lib\msp430\3.2.3\libgcc.a(__stop_progExec__.o)
 *(.fini0)
 *(.fini)
 *(.fini)
                0x00009650                _etext = .

.data           0x00000200        0xc load address 0x00009650
                0x00000200                PROVIDE (__data_start, .)
                0x00000200                . = ALIGN (0x2)
 *(.data)
 .data          0x00000200        0x0 c:\mspgcc\bin\..\lib\gcc-lib\msp430\3.2.3\..\..\..\..\msp430\lib\crt430x168.o
 .data          0x00000200        0x0 build/mcu/keyboard_f1xx.o
 .data          0x00000200        0x0 build/mcu/display_f1xx.o
 .data          0x00000200        0x6 build/mcu/main_f1xx.o
 .data          0x00000206        0x4 ../../..//mcu/libfitkit/build\libfitkit_f1xx.a(fitkitlib_f1xx.o)
                0x00000206                FPGA_config_length
 .data          0x0000020a        0x2 ../../..//mcu/libfitkit/build\libfitkit_f1xx.a(flash_f1xx.o)
                0x0000020a                CNT_PAGES
 .data          0x0000020c        0x0 ../../..//mcu/libfitkit/build\libfitkit_f1xx.a(flash_fpga_f1xx.o)
 .data          0x0000020c        0x0 ../../..//mcu/libfitkit/build\libfitkit_f1xx.a(fpga_f1xx.o)
 .data          0x0000020c        0x0 ../../..//mcu/libfitkit/build\libfitkit_f1xx.a(globfun_f1xx.o)
 .data          0x0000020c        0x0 ../../..//mcu/libfitkit/build\libfitkit_f1xx.a(spi_f1xx.o)
 .data          0x0000020c        0x0 ../../..//mcu/libfitkit/build\libfitkit_f1xx.a(terminal_f1xx.o)
 .data          0x0000020c        0x0 ../../..//mcu/libfitkit/build\libfitkit_f1xx.a(timer_b_f1xx.o)
 .data          0x0000020c        0x0 ../../..//mcu/libfitkit/build\libfitkit_f1xx.a(uart_f1xx.o)
 .data          0x0000020c        0x0 ../../..//mcu/libfitkit/build\libfitkit_f1xx.a(filetransfer_f1xx.o)
 .data          0x0000020c        0x0 ../../..//mcu/libfitkit/build\libfitkit_f1xx.a(cmd_f1xx.o)
 .data          0x0000020c        0x0 c:\mspgcc\bin\..\lib\gcc-lib\msp430\3.2.3\libgcc.a(__stop_progExec__.o)
 .data          0x0000020c        0x0 c:\mspgcc\bin\..\lib\gcc-lib\msp430\3.2.3\libgcc.a(_mulsi3hw.o)
 .data          0x0000020c        0x0 c:\mspgcc\bin\..\lib\gcc-lib\msp430\3.2.3\libgcc.a(_divmodqi4.o)
 .data          0x0000020c        0x0 c:\mspgcc\bin\..\lib\gcc-lib\msp430\3.2.3\libgcc.a(_divmodhi4.o)
 .data          0x0000020c        0x0 c:\mspgcc\bin\..\lib\gcc-lib\msp430\3.2.3\libgcc.a(_udivmodsi4.o)
 .data          0x0000020c        0x0 c:\mspgcc\bin\..\lib\gcc-lib\msp430\3.2.3\libgcc.a(_divmodsi4.o)
 .data          0x0000020c        0x0 c:\mspgcc\bin\..\lib\gcc-lib\msp430\3.2.3\libgcc.a(_reset_vector__.o)
 .data          0x0000020c        0x0 c:\mspgcc\bin\..\lib\gcc-lib\msp430\3.2.3\libgcc.a(__low_level_init.o)
 .data          0x0000020c        0x0 c:\mspgcc\bin\..\lib\gcc-lib\msp430\3.2.3\libgcc.a(_copy_data.o)
 .data          0x0000020c        0x0 c:\mspgcc\bin\..\lib\gcc-lib\msp430\3.2.3\libgcc.a(_clear_bss.o)
 .data          0x0000020c        0x0 c:\mspgcc\bin\..\lib\gcc-lib\msp430\3.2.3\libgcc.a(__jump_to_main.o)
 .data          0x0000020c        0x0 c:\mspgcc\bin\..\lib\gcc-lib\msp430\3.2.3\libgcc.a(_udivmodqi4.o)
 .data          0x0000020c        0x0 c:\mspgcc\bin\..\lib\gcc-lib\msp430\3.2.3\libgcc.a(_udivmodhi4.o)
 .data          0x0000020c        0x0 c:\mspgcc\bin\..\lib\gcc-lib\msp430\3.2.3\..\..\..\..\msp430\lib\libc.a(strcpy.o)
 .data          0x0000020c        0x0 c:\mspgcc\bin\..\lib\gcc-lib\msp430\3.2.3\..\..\..\..\msp430\lib\libc.a(isdigit.o)
 .data          0x0000020c        0x0 c:\mspgcc\bin\..\lib\gcc-lib\msp430\3.2.3\..\..\..\..\msp430\lib\libc.a(strlen.o)
 *(SORT(.data.*))
                0x0000020c                . = ALIGN (0x2)
 *(.gnu.linkonce.d*)
                0x0000020c                . = ALIGN (0x2)
                0x0000020c                _edata = .
                0x00009650                PROVIDE (__data_load_start, LOADADDR (.data))
                0x0000000c                PROVIDE (__data_size, SIZEOF (.data))

.bootloader     0x00000c00        0x0
                0x00000c00                PROVIDE (__boot_start, .)
 *(.bootloader)
                0x00000c00                . = ALIGN (0x2)
 *(.bootloader.*)

.infomem        0x00001000        0x0
 *(.infomem)
                0x00001000                . = ALIGN (0x2)
 *(.infomem.*)

.infomemnobits  0x00001000        0x0
 *(.infomemnobits)
                0x00001000                . = ALIGN (0x2)
 *(.infomemnobits.*)

.bss            0x0000020c      0x25c
                0x0000020c                PROVIDE (__bss_start, .)
 *(.bss)
 .bss           0x0000020c        0x0 c:\mspgcc\bin\..\lib\gcc-lib\msp430\3.2.3\..\..\..\..\msp430\lib\crt430x168.o
 .bss           0x0000020c        0x0 build/mcu/keyboard_f1xx.o
 .bss           0x0000020c        0x0 build/mcu/display_f1xx.o
 .bss           0x0000020c        0x0 build/mcu/main_f1xx.o
 .bss           0x0000020c        0x0 ../../..//mcu/libfitkit/build\libfitkit_f1xx.a(fitkitlib_f1xx.o)
 .bss           0x0000020c        0x0 ../../..//mcu/libfitkit/build\libfitkit_f1xx.a(flash_f1xx.o)
 .bss           0x0000020c        0x0 ../../..//mcu/libfitkit/build\libfitkit_f1xx.a(flash_fpga_f1xx.o)
 .bss           0x0000020c        0x0 ../../..//mcu/libfitkit/build\libfitkit_f1xx.a(fpga_f1xx.o)
 .bss           0x0000020c        0x0 ../../..//mcu/libfitkit/build\libfitkit_f1xx.a(globfun_f1xx.o)
 .bss           0x0000020c        0x0 ../../..//mcu/libfitkit/build\libfitkit_f1xx.a(spi_f1xx.o)
 .bss           0x0000020c        0x0 ../../..//mcu/libfitkit/build\libfitkit_f1xx.a(terminal_f1xx.o)
 .bss           0x0000020c        0x0 ../../..//mcu/libfitkit/build\libfitkit_f1xx.a(timer_b_f1xx.o)
 .bss           0x0000020c        0x0 ../../..//mcu/libfitkit/build\libfitkit_f1xx.a(uart_f1xx.o)
 .bss           0x0000020c        0x0 ../../..//mcu/libfitkit/build\libfitkit_f1xx.a(filetransfer_f1xx.o)
 .bss           0x0000020c        0x0 ../../..//mcu/libfitkit/build\libfitkit_f1xx.a(cmd_f1xx.o)
 .bss           0x0000020c        0x0 c:\mspgcc\bin\..\lib\gcc-lib\msp430\3.2.3\libgcc.a(__stop_progExec__.o)
 .bss           0x0000020c        0x0 c:\mspgcc\bin\..\lib\gcc-lib\msp430\3.2.3\libgcc.a(_mulsi3hw.o)
 .bss           0x0000020c        0x0 c:\mspgcc\bin\..\lib\gcc-lib\msp430\3.2.3\libgcc.a(_divmodqi4.o)
 .bss           0x0000020c        0x0 c:\mspgcc\bin\..\lib\gcc-lib\msp430\3.2.3\libgcc.a(_divmodhi4.o)
 .bss           0x0000020c        0x0 c:\mspgcc\bin\..\lib\gcc-lib\msp430\3.2.3\libgcc.a(_udivmodsi4.o)
 .bss           0x0000020c        0x0 c:\mspgcc\bin\..\lib\gcc-lib\msp430\3.2.3\libgcc.a(_divmodsi4.o)
 .bss           0x0000020c        0x0 c:\mspgcc\bin\..\lib\gcc-lib\msp430\3.2.3\libgcc.a(_reset_vector__.o)
 .bss           0x0000020c        0x0 c:\mspgcc\bin\..\lib\gcc-lib\msp430\3.2.3\libgcc.a(__low_level_init.o)
 .bss           0x0000020c        0x0 c:\mspgcc\bin\..\lib\gcc-lib\msp430\3.2.3\libgcc.a(_copy_data.o)
 .bss           0x0000020c        0x0 c:\mspgcc\bin\..\lib\gcc-lib\msp430\3.2.3\libgcc.a(_clear_bss.o)
 .bss           0x0000020c        0x0 c:\mspgcc\bin\..\lib\gcc-lib\msp430\3.2.3\libgcc.a(__jump_to_main.o)
 .bss           0x0000020c        0x0 c:\mspgcc\bin\..\lib\gcc-lib\msp430\3.2.3\libgcc.a(_udivmodqi4.o)
 .bss           0x0000020c        0x0 c:\mspgcc\bin\..\lib\gcc-lib\msp430\3.2.3\libgcc.a(_udivmodhi4.o)
 .bss           0x0000020c        0x0 c:\mspgcc\bin\..\lib\gcc-lib\msp430\3.2.3\..\..\..\..\msp430\lib\libc.a(strcpy.o)
 .bss           0x0000020c        0x0 c:\mspgcc\bin\..\lib\gcc-lib\msp430\3.2.3\..\..\..\..\msp430\lib\libc.a(isdigit.o)
 .bss           0x0000020c        0x0 c:\mspgcc\bin\..\lib\gcc-lib\msp430\3.2.3\..\..\..\..\msp430\lib\libc.a(strlen.o)
 *(SORT(.bss.*))
 *(COMMON)
 COMMON         0x0000020c       0x18 build/mcu/keyboard_f1xx.o
                0x0000020c                index_buf
                0x0000020e                keyboard_buffer
                0x00000222                write_index_buf
                0x00000223                chars_in_buf
 COMMON         0x00000224        0x4 build/mcu/display_f1xx.o
                0x00000224                lcd_shift_addr
                0x00000226                lcd_cursor_addr
 COMMON         0x00000228      0x123 build/mcu/main_f1xx.o
                0x00000228                output_storage
                0x00000328                output_visible
                0x00000348                current_pressed
                0x00000349                char_counter
                0x0000034a                previous_pressed
 *fill*         0x0000034b        0x1 00
 COMMON         0x0000034c        0x6 ../../..//mcu/libfitkit/build\libfitkit_f1xx.a(flash_f1xx.o)
                0x0000034c                CountPage
                0x0000034e                TypeBufferFlash
                0x00000350                AdrBufferFlash
 COMMON         0x00000352        0x2 ../../..//mcu/libfitkit/build\libfitkit_f1xx.a(terminal_f1xx.o)
                0x00000352                Cmd_Old
                0x00000353                Cmd
 COMMON         0x00000354       0xf1 ../../..//mcu/libfitkit/build\libfitkit_f1xx.a(uart_f1xx.o)
                0x00000354                BreakFlag
                0x00000355                TransmitNum
                0x00000356                ReceiveNum
                0x00000358                ReceiveBuf
                0x000003d8                ReceiveIndexRec
                0x000003da                TransmitBuf
                0x0000043e                ErrorFlag
                0x00000440                ReceiveIndex
                0x00000442                TransmitIndexSend
                0x00000443                TransmitIndex
                0x00000444                PomRS232
 *fill*         0x00000445        0x1 00
 COMMON         0x00000446        0x4 ../../..//mcu/libfitkit/build\libfitkit_f1xx.a(filetransfer_f1xx.o)
                0x00000446                cb_fun
                0x00000448                cb_buf
 COMMON         0x0000044a       0x1e ../../..//mcu/libfitkit/build\libfitkit_f1xx.a(cmd_f1xx.o)
                0x0000044a                CMD_Long
                0x0000044e                CMDStr
                0x00000467                CMDStrLen
                0x00000468                PROVIDE (__bss_end, .)
                0x00000468                _end = .
                0x0000025c                PROVIDE (__bss_size, SIZEOF (.bss))

.noinit         0x00000468        0x0
                0x00000468                PROVIDE (__noinit_start, .)
 *(.noinit)
 *(.noinit.*)
 *(COMMON)
                0x00000468                PROVIDE (__noinit_end, .)
                0x00000468                _end = .

.vectors        0x0000ffe0       0x20
                0x0000ffe0                PROVIDE (__vectors_start, .)
 *(.vectors*)
 .vectors       0x0000ffe0       0x20 c:\mspgcc\bin\..\lib\gcc-lib\msp430\3.2.3\..\..\..\..\msp430\lib\crt430x168.o
                0x0000ffe0                InterruptVectors
 *(.vectors*)
                0x00010000                _vectors_end = .

.profiler
 *(.profiler)

.stab           0x00000000      0x864
 *(.stab)
 .stab          0x00000000       0xf0 c:\mspgcc\bin\..\lib\gcc-lib\msp430\3.2.3\..\..\..\..\msp430\lib\crt430x168.o
 .stab          0x000000f0      0x42c c:\mspgcc\bin\..\lib\gcc-lib\msp430\3.2.3\..\..\..\..\msp430\lib\libc.a(strcpy.o)
                                0x438 (size before relaxing)
 .stab          0x0000051c      0x168 c:\mspgcc\bin\..\lib\gcc-lib\msp430\3.2.3\..\..\..\..\msp430\lib\libc.a(isdigit.o)
                                0x174 (size before relaxing)
 .stab          0x00000684      0x1e0 c:\mspgcc\bin\..\lib\gcc-lib\msp430\3.2.3\..\..\..\..\msp430\lib\libc.a(strlen.o)
                                0x42c (size before relaxing)

.stabstr        0x00000000      0x91a
 *(.stabstr)
 .stabstr       0x00000000      0x91a c:\mspgcc\bin\..\lib\gcc-lib\msp430\3.2.3\..\..\..\..\msp430\lib\crt430x168.o

.stab.excl
 *(.stab.excl)

.stab.exclstr
 *(.stab.exclstr)

.stab.index
 *(.stab.index)

.stab.indexstr
 *(.stab.indexstr)

.comment
 *(.comment)

.debug
 *(.debug)

.line
 *(.line)

.debug_srcinfo
 *(.debug_srcinfo)

.debug_sfnames
 *(.debug_sfnames)

.debug_aranges
 *(.debug_aranges)

.debug_pubnames
 *(.debug_pubnames)

.debug_info
 *(.debug_info)
 *(.gnu.linkonce.wi.*)

.debug_abbrev
 *(.debug_abbrev)

.debug_line
 *(.debug_line)

.debug_frame
 *(.debug_frame)

.debug_str
 *(.debug_str)

.debug_loc
 *(.debug_loc)

.debug_macinfo
 *(.debug_macinfo)
                0x00000a00                PROVIDE (__stack, 0xa00)
                0x00009650                PROVIDE (__data_start_rom, _etext)
                0x0000965c                PROVIDE (__data_end_rom, (_etext + SIZEOF (.data)))
                0x0000965c                PROVIDE (__noinit_start_rom, (_etext + SIZEOF (.data)))
                0x0000965c                PROVIDE (__noinit_end_rom, ((_etext + SIZEOF (.data)) + SIZEOF (.noinit)))
                0x00000000                PROVIDE (__subdevice_has_heap, 0x0)
OUTPUT(build/kblcd_f1xx.elf elf32-msp430)
